I'm sorry, but errors were detected in your script. Please correct the
errors listed below, and try again.


File "game/script.rpy", line 17: choice menuitem expects a non-empty block.
    "yes":
          ^

Ren'Py Version: Ren'Py 7.4.10.2178
Wed Nov 17 23:55:50 2021
